// Jest Snapshot v1, https://goo.gl/fbAQLP

exports[`Card  renders content 1`] = `ShallowWrapper {}`;
